Archive member included to satisfy reference by file (symbol)

/Applications/Ac6/SystemWorkbench.app/Contents/Eclipse/plugins/fr.ac6.mcu.externaltools.arm-none.macos64_1.17.0.201812190825/tools/compiler/bin/../lib/gcc/arm-none-eabi/7.3.1/thumb/v6-m/libgcc.a(_udivsi3.o)
                              HAL_Driver/Src/stm32l0xx_hal.o (__aeabi_uidiv)
/Applications/Ac6/SystemWorkbench.app/Contents/Eclipse/plugins/fr.ac6.mcu.externaltools.arm-none.macos64_1.17.0.201812190825/tools/compiler/bin/../lib/gcc/arm-none-eabi/7.3.1/thumb/v6-m/libgcc.a(_dvmd_tls.o)
                              /Applications/Ac6/SystemWorkbench.app/Contents/Eclipse/plugins/fr.ac6.mcu.externaltools.arm-none.macos64_1.17.0.201812190825/tools/compiler/bin/../lib/gcc/arm-none-eabi/7.3.1/thumb/v6-m/libgcc.a(_udivsi3.o) (__aeabi_idiv0)
/Applications/Ac6/SystemWorkbench.app/Contents/Eclipse/plugins/fr.ac6.mcu.externaltools.arm-none.macos64_1.17.0.201812190825/tools/compiler/bin/../lib/gcc/arm-none-eabi/7.3.1/thumb/v6-m/libgcc.a(_aeabi_uldivmod.o)
                              HAL_Driver/Src/stm32l0xx_hal_uart.o (__aeabi_uldivmod)
/Applications/Ac6/SystemWorkbench.app/Contents/Eclipse/plugins/fr.ac6.mcu.externaltools.arm-none.macos64_1.17.0.201812190825/tools/compiler/bin/../lib/gcc/arm-none-eabi/7.3.1/thumb/v6-m/libgcc.a(_udivmoddi4.o)
                              /Applications/Ac6/SystemWorkbench.app/Contents/Eclipse/plugins/fr.ac6.mcu.externaltools.arm-none.macos64_1.17.0.201812190825/tools/compiler/bin/../lib/gcc/arm-none-eabi/7.3.1/thumb/v6-m/libgcc.a(_aeabi_uldivmod.o) (__udivmoddi4)
/Applications/Ac6/SystemWorkbench.app/Contents/Eclipse/plugins/fr.ac6.mcu.externaltools.arm-none.macos64_1.17.0.201812190825/tools/compiler/bin/../lib/gcc/arm-none-eabi/7.3.1/thumb/v6-m/libgcc.a(floatunsisf.o)
                              Utilities/Components/stlm75/stlm75.o (__aeabi_ui2f)
/Applications/Ac6/SystemWorkbench.app/Contents/Eclipse/plugins/fr.ac6.mcu.externaltools.arm-none.macos64_1.17.0.201812190825/tools/compiler/bin/../lib/gcc/arm-none-eabi/7.3.1/thumb/v6-m/libgcc.a(_clzsi2.o)
                              /Applications/Ac6/SystemWorkbench.app/Contents/Eclipse/plugins/fr.ac6.mcu.externaltools.arm-none.macos64_1.17.0.201812190825/tools/compiler/bin/../lib/gcc/arm-none-eabi/7.3.1/thumb/v6-m/libgcc.a(floatunsisf.o) (__clzsi2)
/Applications/Ac6/SystemWorkbench.app/Contents/Eclipse/plugins/fr.ac6.mcu.externaltools.arm-none.macos64_1.17.0.201812190825/tools/compiler/bin/../lib/gcc/arm-none-eabi/7.3.1/thumb/v6-m/libgcc.a(_clzdi2.o)
                              /Applications/Ac6/SystemWorkbench.app/Contents/Eclipse/plugins/fr.ac6.mcu.externaltools.arm-none.macos64_1.17.0.201812190825/tools/compiler/bin/../lib/gcc/arm-none-eabi/7.3.1/thumb/v6-m/libgcc.a(_udivmoddi4.o) (__clzdi2)
/Applications/Ac6/SystemWorkbench.app/Contents/Eclipse/plugins/fr.ac6.mcu.externaltools.arm-none.macos64_1.17.0.201812190825/tools/compiler/bin/../lib/gcc/arm-none-eabi/7.3.1/../../../../arm-none-eabi/lib/thumb/v6-m/libc.a(lib_a-errno.o)
                              src/syscalls.o (__errno)
/Applications/Ac6/SystemWorkbench.app/Contents/Eclipse/plugins/fr.ac6.mcu.externaltools.arm-none.macos64_1.17.0.201812190825/tools/compiler/bin/../lib/gcc/arm-none-eabi/7.3.1/../../../../arm-none-eabi/lib/thumb/v6-m/libc.a(lib_a-exit.o)
                              /Applications/Ac6/SystemWorkbench.app/Contents/Eclipse/plugins/fr.ac6.mcu.externaltools.arm-none.macos64_1.17.0.201812190825/tools/compiler/bin/../lib/gcc/arm-none-eabi/7.3.1/../../../../arm-none-eabi/lib/thumb/v6-m/crt0.o (exit)
/Applications/Ac6/SystemWorkbench.app/Contents/Eclipse/plugins/fr.ac6.mcu.externaltools.arm-none.macos64_1.17.0.201812190825/tools/compiler/bin/../lib/gcc/arm-none-eabi/7.3.1/../../../../arm-none-eabi/lib/thumb/v6-m/libc.a(lib_a-impure.o)
                              /Applications/Ac6/SystemWorkbench.app/Contents/Eclipse/plugins/fr.ac6.mcu.externaltools.arm-none.macos64_1.17.0.201812190825/tools/compiler/bin/../lib/gcc/arm-none-eabi/7.3.1/../../../../arm-none-eabi/lib/thumb/v6-m/libc.a(lib_a-exit.o) (_global_impure_ptr)
/Applications/Ac6/SystemWorkbench.app/Contents/Eclipse/plugins/fr.ac6.mcu.externaltools.arm-none.macos64_1.17.0.201812190825/tools/compiler/bin/../lib/gcc/arm-none-eabi/7.3.1/../../../../arm-none-eabi/lib/thumb/v6-m/libc.a(lib_a-init.o)
                              /Applications/Ac6/SystemWorkbench.app/Contents/Eclipse/plugins/fr.ac6.mcu.externaltools.arm-none.macos64_1.17.0.201812190825/tools/compiler/bin/../lib/gcc/arm-none-eabi/7.3.1/../../../../arm-none-eabi/lib/thumb/v6-m/crt0.o (__libc_init_array)
/Applications/Ac6/SystemWorkbench.app/Contents/Eclipse/plugins/fr.ac6.mcu.externaltools.arm-none.macos64_1.17.0.201812190825/tools/compiler/bin/../lib/gcc/arm-none-eabi/7.3.1/../../../../arm-none-eabi/lib/thumb/v6-m/libc.a(lib_a-memcpy-stub.o)
                              src/ringBuf.o (memcpy)
[...]
Memory Configuration

Name             Origin             Length             Attributes
FLASH            0x0000000008000000 0x0000000000010000 xr
RAM              0x0000000020000000 0x0000000000002000 xrw
*default*        0x0000000000000000 0xffffffffffffffff

Linker script and memory map

LOAD /Applications/Ac6/SystemWorkbench.app/Contents/Eclipse/plugins/fr.ac6.mcu.externaltools.arm-none.macos64_1.17.0.201812190825/tools/compiler/bin/../lib/gcc/arm-none-eabi/7.3.1/thumb/v6-m/crti.o
LOAD /Applications/Ac6/SystemWorkbench.app/Contents/Eclipse/plugins/fr.ac6.mcu.externaltools.arm-none.macos64_1.17.0.201812190825/tools/compiler/bin/../lib/gcc/arm-none-eabi/7.3.1/thumb/v6-m/crtbegin.o
LOAD /Applications/Ac6/SystemWorkbench.app/Contents/Eclipse/plugins/fr.ac6.mcu.externaltools.arm-none.macos64_1.17.0.201812190825/tools/compiler/bin/../lib/gcc/arm-none-eabi/7.3.1/../../../../arm-none-eabi/lib/thumb/v6-m/crt0.o
LOAD HAL_Driver/Src/stm32l0xx_hal.o
LOAD HAL_Driver/Src/stm32l0xx_hal_adc.o
LOAD HAL_Driver/Src/stm32l0xx_hal_adc_ex.o
LOAD HAL_Driver/Src/stm32l0xx_hal_comp.o
LOAD HAL_Driver/Src/stm32l0xx_hal_comp_ex.o
LOAD HAL_Driver/Src/stm32l0xx_hal_cortex.o
LOAD HAL_Driver/Src/stm32l0xx_hal_crc.o
LOAD HAL_Driver/Src/stm32l0xx_hal_crc_ex.o
LOAD HAL_Driver/Src/stm32l0xx_hal_cryp.o
LOAD HAL_Driver/Src/stm32l0xx_hal_cryp_ex.o
LOAD HAL_Driver/Src/stm32l0xx_hal_dac.o
LOAD HAL_Driver/Src/stm32l0xx_hal_dac_ex.o
LOAD HAL_Driver/Src/stm32l0xx_hal_dma.o
LOAD HAL_Driver/Src/stm32l0xx_hal_firewall.o
LOAD HAL_Driver/Src/stm32l0xx_hal_flash.o
LOAD HAL_Driver/Src/stm32l0xx_hal_flash_ex.o
LOAD HAL_Driver/Src/stm32l0xx_hal_flash_ramfunc.o
LOAD HAL_Driver/Src/stm32l0xx_hal_gpio.o
LOAD HAL_Driver/Src/stm32l0xx_hal_i2c.o
LOAD HAL_Driver/Src/stm32l0xx_hal_i2c_ex.o
LOAD HAL_Driver/Src/stm32l0xx_hal_i2s.o
LOAD HAL_Driver/Src/stm32l0xx_hal_irda.o
LOAD HAL_Driver/Src/stm32l0xx_hal_iwdg.o
LOAD HAL_Driver/Src/stm32l0xx_hal_lcd.o
LOAD HAL_Driver/Src/stm32l0xx_hal_lptim.o
LOAD HAL_Driver/Src/stm32l0xx_hal_msp_template.o
LOAD HAL_Driver/Src/stm32l0xx_hal_pcd.o
LOAD HAL_Driver/Src/stm32l0xx_hal_pcd_ex.o
LOAD HAL_Driver/Src/stm32l0xx_hal_pwr.o
LOAD HAL_Driver/Src/stm32l0xx_hal_pwr_ex.o
LOAD HAL_Driver/Src/stm32l0xx_hal_rcc.o
LOAD HAL_Driver/Src/stm32l0xx_hal_rcc_ex.o
LOAD HAL_Driver/Src/stm32l0xx_hal_rng.o
LOAD HAL_Driver/Src/stm32l0xx_hal_rtc.o
LOAD HAL_Driver/Src/stm32l0xx_hal_rtc_ex.o
LOAD HAL_Driver/Src/stm32l0xx_hal_smartcard.o
LOAD HAL_Driver/Src/stm32l0xx_hal_smartcard_ex.o
LOAD HAL_Driver/Src/stm32l0xx_hal_smbus.o
LOAD HAL_Driver/Src/stm32l0xx_hal_spi.o
LOAD HAL_Driver/Src/stm32l0xx_hal_tim.o
LOAD HAL_Driver/Src/stm32l0xx_hal_tim_ex.o
LOAD HAL_Driver/Src/stm32l0xx_hal_tsc.o
LOAD HAL_Driver/Src/stm32l0xx_hal_uart.o
LOAD HAL_Driver/Src/stm32l0xx_hal_uart_ex.o
LOAD HAL_Driver/Src/stm32l0xx_hal_usart.o
LOAD HAL_Driver/Src/stm32l0xx_hal_wwdg.o
LOAD HAL_Driver/Src/stm32l0xx_ll_adc.o
LOAD HAL_Driver/Src/stm32l0xx_ll_comp.o
LOAD HAL_Driver/Src/stm32l0xx_ll_crc.o
LOAD HAL_Driver/Src/stm32l0xx_ll_crs.o
LOAD HAL_Driver/Src/stm32l0xx_ll_dac.o
LOAD HAL_Driver/Src/stm32l0xx_ll_dma.o
LOAD HAL_Driver/Src/stm32l0xx_ll_exti.o
LOAD HAL_Driver/Src/stm32l0xx_ll_gpio.o
LOAD HAL_Driver/Src/stm32l0xx_ll_i2c.o
LOAD HAL_Driver/Src/stm32l0xx_ll_lptim.o
LOAD HAL_Driver/Src/stm32l0xx_ll_lpuart.o
LOAD HAL_Driver/Src/stm32l0xx_ll_pwr.o
LOAD HAL_Driver/Src/stm32l0xx_ll_rcc.o
LOAD HAL_Driver/Src/stm32l0xx_ll_rng.o
LOAD HAL_Driver/Src/stm32l0xx_ll_rtc.o
LOAD HAL_Driver/Src/stm32l0xx_ll_spi.o
LOAD HAL_Driver/Src/stm32l0xx_ll_tim.o
LOAD HAL_Driver/Src/stm32l0xx_ll_usart.o
LOAD HAL_Driver/Src/stm32l0xx_ll_usb.o
LOAD HAL_Driver/Src/stm32l0xx_ll_utils.o
LOAD Utilities/Components/gde021a1/gde021a1.o
LOAD Utilities/Components/hx8347d/hx8347d.o
LOAD Utilities/Components/mfxstm32l152/mfxstm32l152.o
LOAD Utilities/Components/st7735/st7735.o
LOAD Utilities/Components/stlm75/stlm75.o
LOAD Utilities/STM32L0538-Discovery/font12epd.o
LOAD Utilities/STM32L0538-Discovery/font16epd.o
LOAD Utilities/STM32L0538-Discovery/font20epd.o
LOAD Utilities/STM32L0538-Discovery/font8epd.o
LOAD Utilities/STM32L0538-Discovery/stm32l0538_discovery.o
LOAD Utilities/STM32L0538-Discovery/stm32l0538_discovery_epd.o
LOAD src/main.o
LOAD src/ringBuf.o
LOAD src/stm32l0xx_it.o
LOAD src/syscalls.o
LOAD src/system_stm32l0xx.o
LOAD src/uart.o
LOAD src/xbee.o
LOAD src/xbee2.o
LOAD startup/startup_stm32l053xx.o
LOAD /Applications/Ac6/SystemWorkbench.app/Contents/Eclipse/plugins/fr.ac6.mcu.externaltools.arm-none.macos64_1.17.0.201812190825/tools/compiler/bin/../lib/gcc/arm-none-eabi/7.3.1/../../../../arm-none-eabi/lib/thumb/v6-m/libm.a
START GROUP
LOAD /Applications/Ac6/SystemWorkbench.app/Contents/Eclipse/plugins/fr.ac6.mcu.externaltools.arm-none.macos64_1.17.0.201812190825/tools/compiler/bin/../lib/gcc/arm-none-eabi/7.3.1/thumb/v6-m/libgcc.a
LOAD /Applications/Ac6/SystemWorkbench.app/Contents/Eclipse/plugins/fr.ac6.mcu.externaltools.arm-none.macos64_1.17.0.201812190825/tools/compiler/bin/../lib/gcc/arm-none-eabi/7.3.1/../../../../arm-none-eabi/lib/thumb/v6-m/libc.a
END GROUP
LOAD /Applications/Ac6/SystemWorkbench.app/Contents/Eclipse/plugins/fr.ac6.mcu.externaltools.arm-none.macos64_1.17.0.201812190825/tools/compiler/bin/../lib/gcc/arm-none-eabi/7.3.1/thumb/v6-m/crtend.o
LOAD /Applications/Ac6/SystemWorkbench.app/Contents/Eclipse/plugins/fr.ac6.mcu.externaltools.arm-none.macos64_1.17.0.201812190825/tools/compiler/bin/../lib/gcc/arm-none-eabi/7.3.1/thumb/v6-m/crtn.o
                0x0000000020002000                _estack = 0x20002000
                0x0000000000000200                _Min_Heap_Size = 0x200
                0x0000000000000400                _Min_Stack_Size = 0x400

.isr_vector     0x0000000008000000       0xc0
                0x0000000008000000                . = ALIGN (0x4)
 *(.isr_vector)
 .isr_vector    0x0000000008000000       0xc0 startup/startup_stm32l053xx.o
                0x0000000008000000                g_pfnVectors
                0x00000000080000c0                . = ALIGN (0x4)

.text           0x00000000080000c0     0x15c4
                0x00000000080000c0                . = ALIGN (0x4)
 *(.text)
 .text          0x00000000080000c0       0x48 /Applications/Ac6/SystemWorkbench.app/Contents/Eclipse/plugins/fr.ac6.mcu.externaltools.arm-none.macos64_1.17.0.201812190825/tools/compiler/bin/../lib/gcc/arm-none-eabi/7.3.1/thumb/v6-m/crtbegin.o
 .text          0x0000000008000108      0x114 /Applications/Ac6/SystemWorkbench.app/Contents/Eclipse/plugins/fr.ac6.mcu.externaltools.arm-none.macos64_1.17.0.201812190825/tools/compiler/bin/../lib/gcc/arm-none-eabi/7.3.1/thumb/v6-m/libgcc.a(_udivsi3.o)
                0x0000000008000108                __udivsi3
                0x0000000008000108                __aeabi_uidiv
                0x0000000008000214                __aeabi_uidivmod
 .text          0x000000000800021c        0x4 /Applications/Ac6/SystemWorkbench.app/Contents/Eclipse/plugins/fr.ac6.mcu.externaltools.arm-none.macos64_1.17.0.201812190825/tools/compiler/bin/../lib/gcc/arm-none-eabi/7.3.1/thumb/v6-m/libgcc.a(_dvmd_tls.o)
                0x000000000800021c                __aeabi_ldiv0
                0x000000000800021c                __aeabi_idiv0
 *(.text*)
 .text.HAL_Init
                0x0000000008000220       0x4c HAL_Driver/Src/stm32l0xx_hal.o
                0x0000000008000220                HAL_Init
 .text.HAL_InitTick
                0x000000000800026c       0x54 HAL_Driver/Src/stm32l0xx_hal.o
                0x000000000800026c                HAL_InitTick
 .text.HAL_IncTick
                0x00000000080002c0       0x18 HAL_Driver/Src/stm32l0xx_hal.o
                0x00000000080002c0                HAL_IncTick
 .text.HAL_GetTick
                0x00000000080002d8       0x14 HAL_Driver/Src/stm32l0xx_hal.o
                0x00000000080002d8                HAL_GetTick
 .text.HAL_Delay
                0x00000000080002ec       0x3a HAL_Driver/Src/stm32l0xx_hal.o
                0x00000000080002ec                HAL_Delay
 *fill*         0x0000000008000326        0x2 
 .text.NVIC_SetPriority
                0x0000000008000328       0xdc HAL_Driver/Src/stm32l0xx_hal_cortex.o
 .text.SysTick_Config
                0x0000000008000404       0x48 HAL_Driver/Src/stm32l0xx_hal_cortex.o
 .text.HAL_NVIC_SetPriority
                0x000000000800044c       0x2a HAL_Driver/Src/stm32l0xx_hal_cortex.o
                0x000000000800044c                HAL_NVIC_SetPriority
 .text.HAL_SYSTICK_Config
                0x0000000008000476       0x1a HAL_Driver/Src/stm32l0xx_hal_cortex.o
                0x0000000008000476                HAL_SYSTICK_Config
 .text.HAL_SYSTICK_IRQHandler
                0x0000000008000490        0xe HAL_Driver/Src/stm32l0xx_hal_cortex.o
                0x0000000008000490                HAL_SYSTICK_IRQHandler
 .text.HAL_SYSTICK_Callback
                0x000000000800049e        0xa HAL_Driver/Src/stm32l0xx_hal_cortex.o
                0x000000000800049e                HAL_SYSTICK_Callback
 .text.HAL_MspInit
                0x00000000080004a8        0xa HAL_Driver/Src/stm32l0xx_hal_msp_template.o
                0x00000000080004a8                HAL_MspInit
 *fill*         0x00000000080004b2        0x2 
 .text.main     0x00000000080004b4      0x16c src/main.o
                0x00000000080004b4                main
 .text.error    0x0000000008000620       0x50 src/main.o
                0x0000000008000620                error
 .text.HardFault_Handler
                0x0000000008000670        0x6 src/main.o
                0x0000000008000670                HardFault_Handler
 .text.buf_writeStr
                0x0000000008000676       0xa0 src/ringBuf.o
                0x0000000008000676                buf_writeStr
 .text.buf_ok   0x0000000008000716       0x4c src/ringBuf.o
                0x0000000008000716                buf_ok
 .text.buf_pop_tail
                0x0000000008000762       0x28 src/ringBuf.o
                0x0000000008000762                buf_pop_tail
 .text.buf_writeByte
                0x000000000800078a       0x46 src/ringBuf.o
                0x000000000800078a                buf_writeByte
 .text.SysTick_Handler
                0x00000000080007d0       0x12 src/stm32l0xx_it.o
                0x00000000080007d0                SysTick_Handler
 *fill*         0x00000000080007e2        0x2 
 .text.SystemInit
                0x00000000080007e4       0x7c src/system_stm32l0xx.o
                0x00000000080007e4                SystemInit
 .text.NVIC_EnableIRQ
                0x0000000008000860       0x2c src/uart.o
 .text.NVIC_SetPriority
                0x000000000800088c       0xdc src/uart.o
 .text.uart2_receive
                0x0000000008000968       0x28 src/uart.o
                0x0000000008000968                uart2_receive
 .text.uart2_transmit
                0x0000000008000990       0x34 src/uart.o
                0x0000000008000990                uart2_transmit
 .text.uart2_init
                0x00000000080009c4      0x160 src/uart.o
                0x00000000080009c4                uart2_init
 .text.uart2_update_match
                0x0000000008000b24       0x48 src/uart.o
                0x0000000008000b24                uart2_update_match
 .text.USART2_IRQHandler
                0x0000000008000b6c      0x134 src/uart.o
                0x0000000008000b6c                USART2_IRQHandler
 .text.xbee_setup
                0x0000000008000ca0       0x90 src/xbee2.o
                0x0000000008000ca0                xbee_setup
 .text.xbee_send_at
                0x0000000008000d30       0x84 src/xbee2.o
                0x0000000008000d30                xbee_send_at
 .text.xbee_send
                0x0000000008000db4      0x2c8 src/xbee2.o
                0x0000000008000db4                xbee_send
 .text.xbee_tx_stat_check
                0x000000000800107c       0x28 src/xbee2.o
                0x000000000800107c                xbee_tx_stat_check
 .text.xbee_send_message
                0x00000000080010a4       0x6c src/xbee2.o
                0x00000000080010a4                xbee_send_message
 .text.xbee_rx_complete
                0x0000000008001110      0x1e0 src/xbee2.o
                0x0000000008001110                xbee_rx_complete
 .text.Reset_Handler
                0x00000000080012f0       0x50 startup/startup_stm32l053xx.o
                0x00000000080012f0                Reset_Handler
 .text.Default_Handler
                0x0000000008001340        0x2 startup/startup_stm32l053xx.o
                0x0000000008001340                LPTIM1_IRQHandler
                0x0000000008001340                ADC1_COMP_IRQHandler
                0x0000000008001340                PVD_IRQHandler
                0x0000000008001340                PendSV_Handler
                0x0000000008001340                NMI_Handler
                0x0000000008001340                I2C1_IRQHandler
                0x0000000008001340                RCC_CRS_IRQHandler
                0x0000000008001340                SPI1_IRQHandler
                0x0000000008001340                TIM6_DAC_IRQHandler
                0x0000000008001340                EXTI2_3_IRQHandler
                0x0000000008001340                I2C2_IRQHandler
                0x0000000008001340                RTC_IRQHandler
                0x0000000008001340                LCD_IRQHandler
                0x0000000008001340                DMA1_Channel4_5_6_7_IRQHandler
                0x0000000008001340                EXTI4_15_IRQHandler
                0x0000000008001340                DMA1_Channel1_IRQHandler
                0x0000000008001340                Default_Handler
                0x0000000008001340                TIM22_IRQHandler
                0x0000000008001340                EXTI0_1_IRQHandler
                0x0000000008001340                USB_IRQHandler
                0x0000000008001340                SPI2_IRQHandler
                0x0000000008001340                SVC_Handler
                0x0000000008001340                TIM21_IRQHandler
                0x0000000008001340                WWDG_IRQHandler
                0x0000000008001340                TIM2_IRQHandler
                0x0000000008001340                DMA1_Channel2_3_IRQHandler
                0x0000000008001340                FLASH_IRQHandler
                0x0000000008001340                USART1_IRQHandler
                0x0000000008001340                RNG_LPUART1_IRQHandler
                0x0000000008001340                TSC_IRQHandler
 *fill*         0x0000000008001342        0x2 
 .text.__libc_init_array
                0x0000000008001344       0x48 /Applications/Ac6/SystemWorkbench.app/Contents/Eclipse/plugins/fr.ac6.mcu.externaltools.arm-none.macos64_1.17.0.201812190825/tools/compiler/bin/../lib/gcc/arm-none-eabi/7.3.1/../../../../arm-none-eabi/lib/thumb/v6-m/libc.a(lib_a-init.o)
                0x0000000008001344                __libc_init_array
 .text.memcpy   0x000000000800138c       0x88 /Applications/Ac6/SystemWorkbench.app/Contents/Eclipse/plugins/fr.ac6.mcu.externaltools.arm-none.macos64_1.17.0.201812190825/tools/compiler/bin/../lib/gcc/arm-none-eabi/7.3.1/../../../../arm-none-eabi/lib/thumb/v6-m/libc.a(lib_a-memcpy-stub.o)
                0x000000000800138c                memcpy
 .text.memset   0x0000000008001414       0x9c /Applications/Ac6/SystemWorkbench.app/Contents/Eclipse/plugins/fr.ac6.mcu.externaltools.arm-none.macos64_1.17.0.201812190825/tools/compiler/bin/../lib/gcc/arm-none-eabi/7.3.1/../../../../arm-none-eabi/lib/thumb/v6-m/libc.a(lib_a-memset.o)
                0x0000000008001414                memset
 .text.strlen   0x00000000080014b0       0x64 /Applications/Ac6/SystemWorkbench.app/Contents/Eclipse/plugins/fr.ac6.mcu.externaltools.arm-none.macos64_1.17.0.201812190825/tools/compiler/bin/../lib/gcc/arm-none-eabi/7.3.1/../../../../arm-none-eabi/lib/thumb/v6-m/libc.a(lib_a-strlen-stub.o)
                0x00000000080014b0                strlen
 .text.startup.register_fini
                0x0000000008001514       0x18 /Applications/Ac6/SystemWorkbench.app/Contents/Eclipse/plugins/fr.ac6.mcu.externaltools.arm-none.macos64_1.17.0.201812190825/tools/compiler/bin/../lib/gcc/arm-none-eabi/7.3.1/../../../../arm-none-eabi/lib/thumb/v6-m/libc.a(lib_a-__call_atexit.o)
 .text.atexit   0x000000000800152c       0x10 /Applications/Ac6/SystemWorkbench.app/Contents/Eclipse/plugins/fr.ac6.mcu.externaltools.arm-none.macos64_1.17.0.201812190825/tools/compiler/bin/../lib/gcc/arm-none-eabi/7.3.1/../../../../arm-none-eabi/lib/thumb/v6-m/libc.a(lib_a-atexit.o)
                0x000000000800152c                atexit
 .text.__libc_fini_array
                0x000000000800153c       0x34 /Applications/Ac6/SystemWorkbench.app/Contents/Eclipse/plugins/fr.ac6.mcu.externaltools.arm-none.macos64_1.17.0.201812190825/tools/compiler/bin/../lib/gcc/arm-none-eabi/7.3.1/../../../../arm-none-eabi/lib/thumb/v6-m/libc.a(lib_a-fini.o)
                0x000000000800153c                __libc_fini_array
 .text.__retarget_lock_acquire_recursive
                0x0000000008001570        0x4 /Applications/Ac6/SystemWorkbench.app/Contents/Eclipse/plugins/fr.ac6.mcu.externaltools.arm-none.macos64_1.17.0.201812190825/tools/compiler/bin/../lib/gcc/arm-none-eabi/7.3.1/../../../../arm-none-eabi/lib/thumb/v6-m/libc.a(lib_a-lock.o)
                0x0000000008001570                __retarget_lock_acquire_recursive
 .text.__retarget_lock_release_recursive
                0x0000000008001574        0x4 /Applications/Ac6/SystemWorkbench.app/Contents/Eclipse/plugins/fr.ac6.mcu.externaltools.arm-none.macos64_1.17.0.201812190825/tools/compiler/bin/../lib/gcc/arm-none-eabi/7.3.1/../../../../arm-none-eabi/lib/thumb/v6-m/libc.a(lib_a-lock.o)
                0x0000000008001574                __retarget_lock_release_recursive
 .text.__register_exitproc
                0x0000000008001578       0xf4 /Applications/Ac6/SystemWorkbench.app/Contents/Eclipse/plugins/fr.ac6.mcu.externaltools.arm-none.macos64_1.17.0.201812190825/tools/compiler/bin/../lib/gcc/arm-none-eabi/7.3.1/../../../../arm-none-eabi/lib/thumb/v6-m/libc.a(lib_a-__atexit.o)
                0x0000000008001578                __register_exitproc
 *(.glue_7)
 .glue_7        0x000000000800166c        0x0 linker stubs
 *(.glue_7t)
 .glue_7t       0x000000000800166c        0x0 linker stubs
 *(.eh_frame)
 .eh_frame      0x000000000800166c        0x0 /Applications/Ac6/SystemWorkbench.app/Contents/Eclipse/plugins/fr.ac6.mcu.externaltools.arm-none.macos64_1.17.0.201812190825/tools/compiler/bin/../lib/gcc/arm-none-eabi/7.3.1/thumb/v6-m/crtbegin.o
 *(.init)
 .init          0x000000000800166c        0x4 /Applications/Ac6/SystemWorkbench.app/Contents/Eclipse/plugins/fr.ac6.mcu.externaltools.arm-none.macos64_1.17.0.201812190825/tools/compiler/bin/../lib/gcc/arm-none-eabi/7.3.1/thumb/v6-m/crti.o
                0x000000000800166c                _init
 .init          0x0000000008001670        0x8 /Applications/Ac6/SystemWorkbench.app/Contents/Eclipse/plugins/fr.ac6.mcu.externaltools.arm-none.macos64_1.17.0.201812190825/tools/compiler/bin/../lib/gcc/arm-none-eabi/7.3.1/thumb/v6-m/crtn.o
 *(.fini)
 .fini          0x0000000008001678        0x4 /Applications/Ac6/SystemWorkbench.app/Contents/Eclipse/plugins/fr.ac6.mcu.externaltools.arm-none.macos64_1.17.0.201812190825/tools/compiler/bin/../lib/gcc/arm-none-eabi/7.3.1/thumb/v6-m/crti.o
                0x0000000008001678                _fini
 .fini          0x000000000800167c        0x8 /Applications/Ac6/SystemWorkbench.app/Contents/Eclipse/plugins/fr.ac6.mcu.externaltools.arm-none.macos64_1.17.0.201812190825/tools/compiler/bin/../lib/gcc/arm-none-eabi/7.3.1/thumb/v6-m/crtn.o
                0x0000000008001684                . = ALIGN (0x4)
                0x0000000008001684                _etext = .

.vfp11_veneer   0x0000000008001684        0x0
 .vfp11_veneer  0x0000000008001684        0x0 linker stubs

.v4_bx          0x0000000008001684        0x0
 .v4_bx         0x0000000008001684        0x0 linker stubs

.iplt           0x0000000008001684        0x0
 .iplt          0x0000000008001684        0x0 /Applications/Ac6/SystemWorkbench.app/Contents/Eclipse/plugins/fr.ac6.mcu.externaltools.arm-none.macos64_1.17.0.201812190825/tools/compiler/bin/../lib/gcc/arm-none-eabi/7.3.1/thumb/v6-m/crtbegin.o

.rodata         0x0000000008001684       0x80
                0x0000000008001684                . = ALIGN (0x4)
 *(.rodata)
 .rodata        0x0000000008001684        0xa src/main.o
 *fill*         0x000000000800168e        0x2 
 .rodata        0x0000000008001690       0x21 src/system_stm32l0xx.o
                0x0000000008001690                AHBPrescTable
                0x00000000080016a0                APBPrescTable
                0x00000000080016a8                PLLMulTable
 *fill*         0x00000000080016b1        0x3 
 .rodata        0x00000000080016b4       0x4a src/xbee2.o
 *(.rodata*)
 *fill*         0x00000000080016fe        0x2 
 .rodata._global_impure_ptr
                0x0000000008001700        0x4 /Applications/Ac6/SystemWorkbench.app/Contents/Eclipse/plugins/fr.ac6.mcu.externaltools.arm-none.macos64_1.17.0.201812190825/tools/compiler/bin/../lib/gcc/arm-none-eabi/7.3.1/../../../../arm-none-eabi/lib/thumb/v6-m/libc.a(lib_a-impure.o)
                0x0000000008001700                _global_impure_ptr
                0x0000000008001704                . = ALIGN (0x4)

.rel.dyn        0x0000000008001704        0x0
 .rel.iplt      0x0000000008001704        0x0 /Applications/Ac6/SystemWorkbench.app/Contents/Eclipse/plugins/fr.ac6.mcu.externaltools.arm-none.macos64_1.17.0.201812190825/tools/compiler/bin/../lib/gcc/arm-none-eabi/7.3.1/thumb/v6-m/crtbegin.o

.ARM.extab
 *(.ARM.extab* .gnu.linkonce.armextab.*)

.ARM            0x0000000008001704        0x0
                0x0000000008001704                __exidx_start = .
 *(.ARM.exidx*)
                0x0000000008001704                __exidx_end = .

.preinit_array  0x0000000008001704        0x0
                0x0000000008001704                PROVIDE (__preinit_array_start = .)
 *(.preinit_array*)
                0x0000000008001704                PROVIDE (__preinit_array_end = .)

.init_array     0x0000000008001704        0x8
                0x0000000008001704                PROVIDE (__init_array_start = .)
 *(SORT_BY_NAME(.init_array.*))
 .init_array.00000
                0x0000000008001704        0x4 /Applications/Ac6/SystemWorkbench.app/Contents/Eclipse/plugins/fr.ac6.mcu.externaltools.arm-none.macos64_1.17.0.201812190825/tools/compiler/bin/../lib/gcc/arm-none-eabi/7.3.1/../../../../arm-none-eabi/lib/thumb/v6-m/libc.a(lib_a-__call_atexit.o)
 *(.init_array*)
 .init_array    0x0000000008001708        0x4 /Applications/Ac6/SystemWorkbench.app/Contents/Eclipse/plugins/fr.ac6.mcu.externaltools.arm-none.macos64_1.17.0.201812190825/tools/compiler/bin/../lib/gcc/arm-none-eabi/7.3.1/thumb/v6-m/crtbegin.o
                0x000000000800170c                PROVIDE (__init_array_end = .)

.fini_array     0x000000000800170c        0x4
                0x000000000800170c                PROVIDE (__fini_array_start = .)
 *(SORT_BY_NAME(.fini_array.*))
 *(.fini_array*)
 .fini_array    0x000000000800170c        0x4 /Applications/Ac6/SystemWorkbench.app/Contents/Eclipse/plugins/fr.ac6.mcu.externaltools.arm-none.macos64_1.17.0.201812190825/tools/compiler/bin/../lib/gcc/arm-none-eabi/7.3.1/thumb/v6-m/crtbegin.o
                0x0000000008001710                PROVIDE (__fini_array_end = .)
                0x0000000008001710                _sidata = LOADADDR (.data)

.data           0x0000000020000000      0x4dc load address 0x0000000008001710
                0x0000000020000000                . = ALIGN (0x4)
                0x0000000020000000                _sdata = .
 *(.data)
 .data          0x0000000020000000        0x4 src/system_stm32l0xx.o
                0x0000000020000000                SystemCoreClock
 .data          0x0000000020000004       0xa0 src/uart.o
                0x0000000020000004                uart2_tx_buffer
                0x0000000020000008                uart2_rx_buffer
                0x000000002000000c                _uart2_tx_buffer
                0x0000000020000058                _uart2_rx_buffer
 .data          0x00000000200000a4        0x5 src/xbee2.o
                0x00000000200000a4                xbee_msg
                0x00000000200000a8                xbee_frameID
 *(.data*)
 *fill*         0x00000000200000a9        0x7 
 .data.impure_data
                0x00000000200000b0      0x428 /Applications/Ac6/SystemWorkbench.app/Contents/Eclipse/plugins/fr.ac6.mcu.externaltools.arm-none.macos64_1.17.0.201812190825/tools/compiler/bin/../lib/gcc/arm-none-eabi/7.3.1/../../../../arm-none-eabi/lib/thumb/v6-m/libc.a(lib_a-impure.o)
 .data.__atexit_recursive_mutex
                0x00000000200004d8        0x4 /Applications/Ac6/SystemWorkbench.app/Contents/Eclipse/plugins/fr.ac6.mcu.externaltools.arm-none.macos64_1.17.0.201812190825/tools/compiler/bin/../lib/gcc/arm-none-eabi/7.3.1/../../../../arm-none-eabi/lib/thumb/v6-m/libc.a(lib_a-__call_atexit.o)
                0x00000000200004d8                __atexit_recursive_mutex
                0x00000000200004dc                . = ALIGN (0x4)
                0x00000000200004dc                _edata = .

.igot.plt       0x00000000200004dc        0x0 load address 0x0000000008001bec
 .igot.plt      0x00000000200004dc        0x0 /Applications/Ac6/SystemWorkbench.app/Contents/Eclipse/plugins/fr.ac6.mcu.externaltools.arm-none.macos64_1.17.0.201812190825/tools/compiler/bin/../lib/gcc/arm-none-eabi/7.3.1/thumb/v6-m/crtbegin.o
                0x00000000200004dc                . = ALIGN (0x4)

.bss            0x00000000200004dc       0x58 load address 0x0000000008001bec
                0x00000000200004dc                _sbss = .
                0x00000000200004dc                __bss_start__ = _sbss
 *(.bss)
 .bss           0x00000000200004dc       0x1c /Applications/Ac6/SystemWorkbench.app/Contents/Eclipse/plugins/fr.ac6.mcu.externaltools.arm-none.macos64_1.17.0.201812190825/tools/compiler/bin/../lib/gcc/arm-none-eabi/7.3.1/thumb/v6-m/crtbegin.o
 .bss           0x00000000200004f8        0x2 src/uart.o
                0x00000000200004f8                uartFlag
 *(.bss*)
 *(COMMON)
 *fill*         0x00000000200004fa        0x2 
 COMMON         0x00000000200004fc        0x4 HAL_Driver/Src/stm32l0xx_hal.o
                0x00000000200004fc                uwTick
 COMMON         0x0000000020000500       0x10 src/xbee2.o
                0x0000000020000500                _xbee_msg
 COMMON         0x0000000020000510       0x21 /Applications/Ac6/SystemWorkbench.app/Contents/Eclipse/plugins/fr.ac6.mcu.externaltools.arm-none.macos64_1.17.0.201812190825/tools/compiler/bin/../lib/gcc/arm-none-eabi/7.3.1/../../../../arm-none-eabi/lib/thumb/v6-m/libc.a(lib_a-lock.o)
                0x0000000020000510                __lock___atexit_recursive_mutex
                0x0000000020000514                __lock___arc4random_mutex
                0x0000000020000518                __lock___env_recursive_mutex
                0x000000002000051c                __lock___sinit_recursive_mutex
                0x0000000020000520                __lock___malloc_recursive_mutex
                0x0000000020000524                __lock___at_quick_exit_mutex
                0x0000000020000528                __lock___dd_hash_mutex
                0x000000002000052c                __lock___tz_mutex
                0x0000000020000530                __lock___sfp_recursive_mutex
                0x0000000020000534                . = ALIGN (0x4)
 *fill*         0x0000000020000531        0x3 
                0x0000000020000534                _ebss = .
                0x0000000020000534                __bss_end__ = _ebss

._user_heap_stack
                0x0000000020000534      0x604 load address 0x0000000008001bec
                0x0000000020000538                . = ALIGN (0x8)
 *fill*         0x0000000020000534        0x4 
                0x0000000020000538                PROVIDE (end = .)
                [!provide]                        PROVIDE (_end = .)
                0x0000000020000738                . = (. + _Min_Heap_Size)
 *fill*         0x0000000020000538      0x200 
                0x0000000020000b38                . = (. + _Min_Stack_Size)
 *fill*         0x0000000020000738      0x400 
                0x0000000020000b38                . = ALIGN (0x8)

/DISCARD/
 libc.a(*)
 libm.a(*)
 libgcc.a(*)

.ARM.attributes
                0x0000000000000000       0x28
 *(.ARM.attributes)
 .ARM.attributes
                0x0000000000000000       0x1e /Applications/Ac6/SystemWorkbench.app/Contents/Eclipse/plugins/fr.ac6.mcu.externaltools.arm-none.macos64_1.17.0.201812190825/tools/compiler/bin/../lib/gcc/arm-none-eabi/7.3.1/thumb/v6-m/crti.o
 .ARM.attributes
                0x000000000000001e       0x2c /Applications/Ac6/SystemWorkbench.app/Contents/Eclipse/plugins/fr.ac6.mcu.externaltools.arm-none.macos64_1.17.0.201812190825/tools/compiler/bin/../lib/gcc/arm-none-eabi/7.3.1/thumb/v6-m/crtbegin.o
 .ARM.attributes
                0x000000000000004a       0x32 HAL_Driver/Src/stm32l0xx_hal.o
 .ARM.attributes
                0x000000000000007c       0x32 HAL_Driver/Src/stm32l0xx_hal_cortex.o
 .ARM.attributes
                0x00000000000000ae       0x32 HAL_Driver/Src/stm32l0xx_hal_msp_template.o
 .ARM.attributes
                0x00000000000000e0       0x32 src/main.o
 .ARM.attributes
                0x0000000000000112       0x32 src/ringBuf.o
 .ARM.attributes
                0x0000000000000144       0x32 src/stm32l0xx_it.o
 .ARM.attributes
                0x0000000000000176       0x32 src/system_stm32l0xx.o
 .ARM.attributes
                0x00000000000001a8       0x32 src/uart.o
 .ARM.attributes
                0x00000000000001da       0x32 src/xbee2.o
 .ARM.attributes
                0x000000000000020c       0x22 startup/startup_stm32l053xx.o
 .ARM.attributes
                0x000000000000022e       0x1e /Applications/Ac6/SystemWorkbench.app/Contents/Eclipse/plugins/fr.ac6.mcu.externaltools.arm-none.macos64_1.17.0.201812190825/tools/compiler/bin/../lib/gcc/arm-none-eabi/7.3.1/thumb/v6-m/libgcc.a(_udivsi3.o)
 .ARM.attributes
                0x000000000000024c       0x1e /Applications/Ac6/SystemWorkbench.app/Contents/Eclipse/plugins/fr.ac6.mcu.externaltools.arm-none.macos64_1.17.0.201812190825/tools/compiler/bin/../lib/gcc/arm-none-eabi/7.3.1/thumb/v6-m/libgcc.a(_dvmd_tls.o)
 .ARM.attributes
                0x000000000000026a       0x2c /Applications/Ac6/SystemWorkbench.app/Contents/Eclipse/plugins/fr.ac6.mcu.externaltools.arm-none.macos64_1.17.0.201812190825/tools/compiler/bin/../lib/gcc/arm-none-eabi/7.3.1/../../../../arm-none-eabi/lib/thumb/v6-m/libc.a(lib_a-impure.o)
 .ARM.attributes
                0x0000000000000296       0x2c /Applications/Ac6/SystemWorkbench.app/Contents/Eclipse/plugins/fr.ac6.mcu.externaltools.arm-none.macos64_1.17.0.201812190825/tools/compiler/bin/../lib/gcc/arm-none-eabi/7.3.1/../../../../arm-none-eabi/lib/thumb/v6-m/libc.a(lib_a-init.o)
 .ARM.attributes
                0x00000000000002c2       0x2c /Applications/Ac6/SystemWorkbench.app/Contents/Eclipse/plugins/fr.ac6.mcu.externaltools.arm-none.macos64_1.17.0.201812190825/tools/compiler/bin/../lib/gcc/arm-none-eabi/7.3.1/../../../../arm-none-eabi/lib/thumb/v6-m/libc.a(lib_a-memcpy-stub.o)
 .ARM.attributes
                0x00000000000002ee       0x2c /Applications/Ac6/SystemWorkbench.app/Contents/Eclipse/plugins/fr.ac6.mcu.externaltools.arm-none.macos64_1.17.0.201812190825/tools/compiler/bin/../lib/gcc/arm-none-eabi/7.3.1/../../../../arm-none-eabi/lib/thumb/v6-m/libc.a(lib_a-memset.o)
 .ARM.attributes
                0x000000000000031a       0x2c /Applications/Ac6/SystemWorkbench.app/Contents/Eclipse/plugins/fr.ac6.mcu.externaltools.arm-none.macos64_1.17.0.201812190825/tools/compiler/bin/../lib/gcc/arm-none-eabi/7.3.1/../../../../arm-none-eabi/lib/thumb/v6-m/libc.a(lib_a-strlen-stub.o)
 .ARM.attributes
                0x0000000000000346       0x2c /Applications/Ac6/SystemWorkbench.app/Contents/Eclipse/plugins/fr.ac6.mcu.externaltools.arm-none.macos64_1.17.0.201812190825/tools/compiler/bin/../lib/gcc/arm-none-eabi/7.3.1/../../../../arm-none-eabi/lib/thumb/v6-m/libc.a(lib_a-__call_atexit.o)
 .ARM.attributes
                0x0000000000000372       0x2c /Applications/Ac6/SystemWorkbench.app/Contents/Eclipse/plugins/fr.ac6.mcu.externaltools.arm-none.macos64_1.17.0.201812190825/tools/compiler/bin/../lib/gcc/arm-none-eabi/7.3.1/../../../../arm-none-eabi/lib/thumb/v6-m/libc.a(lib_a-atexit.o)
 .ARM.attributes
                0x000000000000039e       0x2c /Applications/Ac6/SystemWorkbench.app/Contents/Eclipse/plugins/fr.ac6.mcu.externaltools.arm-none.macos64_1.17.0.201812190825/tools/compiler/bin/../lib/gcc/arm-none-eabi/7.3.1/../../../../arm-none-eabi/lib/thumb/v6-m/libc.a(lib_a-fini.o)
 .ARM.attributes
                0x00000000000003ca       0x2c /Applications/Ac6/SystemWorkbench.app/Contents/Eclipse/plugins/fr.ac6.mcu.externaltools.arm-none.macos64_1.17.0.201812190825/tools/compiler/bin/../lib/gcc/arm-none-eabi/7.3.1/../../../../arm-none-eabi/lib/thumb/v6-m/libc.a(lib_a-lock.o)
 .ARM.attributes
                0x00000000000003f6       0x2c /Applications/Ac6/SystemWorkbench.app/Contents/Eclipse/plugins/fr.ac6.mcu.externaltools.arm-none.macos64_1.17.0.201812190825/tools/compiler/bin/../lib/gcc/arm-none-eabi/7.3.1/../../../../arm-none-eabi/lib/thumb/v6-m/libc.a(lib_a-__atexit.o)
 .ARM.attributes
                0x0000000000000422       0x1e /Applications/Ac6/SystemWorkbench.app/Contents/Eclipse/plugins/fr.ac6.mcu.externaltools.arm-none.macos64_1.17.0.201812190825/tools/compiler/bin/../lib/gcc/arm-none-eabi/7.3.1/thumb/v6-m/crtn.o
OUTPUT(xbee2.elf elf32-littlearm)

.debug_info     0x0000000000000000     0x5004
 .debug_info    0x0000000000000000      0x7ab HAL_Driver/Src/stm32l0xx_hal.o
 .debug_info    0x00000000000007ab      0x8cd HAL_Driver/Src/stm32l0xx_hal_cortex.o
 .debug_info    0x0000000000001078      0x168 HAL_Driver/Src/stm32l0xx_hal_msp_template.o
 .debug_info    0x00000000000011e0      0xd44 src/main.o
 .debug_info    0x0000000000001f24      0xbb1 src/ringBuf.o
 .debug_info    0x0000000000002ad5      0x135 src/stm32l0xx_it.o
 .debug_info    0x0000000000002c0a      0x390 src/system_stm32l0xx.o
 .debug_info    0x0000000000002f9a     0x10a0 src/uart.o
 .debug_info    0x000000000000403a      0xfa8 src/xbee2.o
 .debug_info    0x0000000000004fe2       0x22 startup/startup_stm32l053xx.o

.debug_abbrev   0x0000000000000000     0x1128
 .debug_abbrev  0x0000000000000000      0x219 HAL_Driver/Src/stm32l0xx_hal.o
 .debug_abbrev  0x0000000000000219      0x261 HAL_Driver/Src/stm32l0xx_hal_cortex.o
 .debug_abbrev  0x000000000000047a       0x94 HAL_Driver/Src/stm32l0xx_hal_msp_template.o
 .debug_abbrev  0x000000000000050e      0x22c src/main.o
 .debug_abbrev  0x000000000000073a      0x25b src/ringBuf.o
 .debug_abbrev  0x0000000000000995       0x94 src/stm32l0xx_it.o
 .debug_abbrev  0x0000000000000a29      0x111 src/system_stm32l0xx.o
 .debug_abbrev  0x0000000000000b3a      0x319 src/uart.o
 .debug_abbrev  0x0000000000000e53      0x2c3 src/xbee2.o
 .debug_abbrev  0x0000000000001116       0x12 startup/startup_stm32l053xx.o

.debug_aranges  0x0000000000000000      0x390
 .debug_aranges
                0x0000000000000000       0xf8 HAL_Driver/Src/stm32l0xx_hal.o
 .debug_aranges
                0x00000000000000f8       0xd8 HAL_Driver/Src/stm32l0xx_hal_cortex.o
 .debug_aranges
                0x00000000000001d0       0x38 HAL_Driver/Src/stm32l0xx_hal_msp_template.o
 .debug_aranges
                0x0000000000000208       0x30 src/main.o
 .debug_aranges
                0x0000000000000238       0x50 src/ringBuf.o
 .debug_aranges
                0x0000000000000288       0x20 src/stm32l0xx_it.o
 .debug_aranges
                0x00000000000002a8       0x28 src/system_stm32l0xx.o
 .debug_aranges
                0x00000000000002d0       0x50 src/uart.o
 .debug_aranges
                0x0000000000000320       0x48 src/xbee2.o
 .debug_aranges
                0x0000000000000368       0x28 startup/startup_stm32l053xx.o

.debug_ranges   0x0000000000000000      0x2f8
 .debug_ranges  0x0000000000000000       0xe8 HAL_Driver/Src/stm32l0xx_hal.o
 .debug_ranges  0x00000000000000e8       0xc8 HAL_Driver/Src/stm32l0xx_hal_cortex.o
 .debug_ranges  0x00000000000001b0       0x28 HAL_Driver/Src/stm32l0xx_hal_msp_template.o
 .debug_ranges  0x00000000000001d8       0x20 src/main.o
 .debug_ranges  0x00000000000001f8       0x40 src/ringBuf.o
 .debug_ranges  0x0000000000000238       0x10 src/stm32l0xx_it.o
 .debug_ranges  0x0000000000000248       0x18 src/system_stm32l0xx.o
 .debug_ranges  0x0000000000000260       0x40 src/uart.o
 .debug_ranges  0x00000000000002a0       0x38 src/xbee2.o
 .debug_ranges  0x00000000000002d8       0x20 startup/startup_stm32l053xx.o

.debug_macro    0x0000000000000000    0x16ce1
 .debug_macro   0x0000000000000000      0x2f6 HAL_Driver/Src/stm32l0xx_hal.o
 .debug_macro   0x00000000000002f6      0xa60 HAL_Driver/Src/stm32l0xx_hal.o
 .debug_macro   0x0000000000000d56      0x10f HAL_Driver/Src/stm32l0xx_hal.o
 .debug_macro   0x0000000000000e65       0x28 HAL_Driver/Src/stm32l0xx_hal.o
 .debug_macro   0x0000000000000e8d       0x28 HAL_Driver/Src/stm32l0xx_hal.o
 .debug_macro   0x0000000000000eb5       0x22 HAL_Driver/Src/stm32l0xx_hal.o
 .debug_macro   0x0000000000000ed7       0x8e HAL_Driver/Src/stm32l0xx_hal.o
 .debug_macro   0x0000000000000f65       0x51 HAL_Driver/Src/stm32l0xx_hal.o
 .debug_macro   0x0000000000000fb6       0xef HAL_Driver/Src/stm32l0xx_hal.o
 .debug_macro   0x00000000000010a5       0x6a HAL_Driver/Src/stm32l0xx_hal.o
 .debug_macro   0x000000000000110f      0x1df HAL_Driver/Src/stm32l0xx_hal.o
 .debug_macro   0x00000000000012ee       0x34 HAL_Driver/Src/stm32l0xx_hal.o
 .debug_macro   0x0000000000001322       0x26 HAL_Driver/Src/stm32l0xx_hal.o
 .debug_macro   0x0000000000001348      0x44f HAL_Driver/Src/stm32l0xx_hal.o
 .debug_macro   0x0000000000001797     0x9d0d HAL_Driver/Src/stm32l0xx_hal.o
 .debug_macro   0x000000000000b4a4       0x3c HAL_Driver/Src/stm32l0xx_hal.o
 .debug_macro   0x000000000000b4e0     0x352c HAL_Driver/Src/stm32l0xx_hal.o
 .debug_macro   0x000000000000ea0c      0x174 HAL_Driver/Src/stm32l0xx_hal.o
 .debug_macro   0x000000000000eb80       0x5b HAL_Driver/Src/stm32l0xx_hal.o
 .debug_macro   0x000000000000ebdb      0x8d6 HAL_Driver/Src/stm32l0xx_hal.o
 .debug_macro   0x000000000000f4b1      0x9d2 HAL_Driver/Src/stm32l0xx_hal.o
 .debug_macro   0x000000000000fe83      0x13f HAL_Driver/Src/stm32l0xx_hal.o
 .debug_macro   0x000000000000ffc2      0x17d HAL_Driver/Src/stm32l0xx_hal.o
 .debug_macro   0x000000000001013f      0x28e HAL_Driver/Src/stm32l0xx_hal.o
 .debug_macro   0x00000000000103cd      0x1e9 HAL_Driver/Src/stm32l0xx_hal.o
 .debug_macro   0x00000000000105b6      0x4ef HAL_Driver/Src/stm32l0xx_hal.o
 .debug_macro   0x0000000000010aa5       0x65 HAL_Driver/Src/stm32l0xx_hal.o
 .debug_macro   0x0000000000010b0a      0x24e HAL_Driver/Src/stm32l0xx_hal.o
 .debug_macro   0x0000000000010d58       0xd5 HAL_Driver/Src/stm32l0xx_hal.o
 .debug_macro   0x0000000000010e2d       0x4c HAL_Driver/Src/stm32l0xx_hal.o
 .debug_macro   0x0000000000010e79       0xf1 HAL_Driver/Src/stm32l0xx_hal.o
 .debug_macro   0x0000000000010f6a       0xa0 HAL_Driver/Src/stm32l0xx_hal.o
 .debug_macro   0x000000000001100a      0x129 HAL_Driver/Src/stm32l0xx_hal.o
 .debug_macro   0x0000000000011133      0x2b4 HAL_Driver/Src/stm32l0xx_hal.o
 .debug_macro   0x00000000000113e7      0x22c HAL_Driver/Src/stm32l0xx_hal.o
 .debug_macro   0x0000000000011613       0x5b HAL_Driver/Src/stm32l0xx_hal.o
 .debug_macro   0x000000000001166e       0xa5 HAL_Driver/Src/stm32l0xx_hal.o
 .debug_macro   0x0000000000011713      0x1a0 HAL_Driver/Src/stm32l0xx_hal.o
 .debug_macro   0x00000000000118b3       0x85 HAL_Driver/Src/stm32l0xx_hal.o
 .debug_macro   0x0000000000011938      0x3f4 HAL_Driver/Src/stm32l0xx_hal.o
 .debug_macro   0x0000000000011d2c      0x25c HAL_Driver/Src/stm32l0xx_hal.o
 .debug_macro   0x0000000000011f88      0x187 HAL_Driver/Src/stm32l0xx_hal.o
 .debug_macro   0x000000000001210f       0x16 HAL_Driver/Src/stm32l0xx_hal.o
 .debug_macro   0x0000000000012125       0x8f HAL_Driver/Src/stm32l0xx_hal.o
 .debug_macro   0x00000000000121b4      0x30c HAL_Driver/Src/stm32l0xx_hal.o
 .debug_macro   0x00000000000124c0      0x3ee HAL_Driver/Src/stm32l0xx_hal.o
 .debug_macro   0x00000000000128ae       0xdd HAL_Driver/Src/stm32l0xx_hal.o
 .debug_macro   0x000000000001298b      0x22c HAL_Driver/Src/stm32l0xx_hal.o
 .debug_macro   0x0000000000012bb7      0x734 HAL_Driver/Src/stm32l0xx_hal.o
 .debug_macro   0x00000000000132eb       0xcc HAL_Driver/Src/stm32l0xx_hal.o
 .debug_macro   0x00000000000133b7      0x57b HAL_Driver/Src/stm32l0xx_hal.o
 .debug_macro   0x0000000000013932       0x44 HAL_Driver/Src/stm32l0xx_hal.o
 .debug_macro   0x0000000000013976      0x279 HAL_Driver/Src/stm32l0xx_hal.o
 .debug_macro   0x0000000000013bef       0x30 HAL_Driver/Src/stm32l0xx_hal.o
 .debug_macro   0x0000000000013c1f      0x2b8 HAL_Driver/Src/stm32l0xx_hal.o
 .debug_macro   0x0000000000013ed7       0x30 HAL_Driver/Src/stm32l0xx_hal.o
 .debug_macro   0x0000000000013f07      0x2bf HAL_Driver/Src/stm32l0xx_hal.o
 .debug_macro   0x00000000000141c6      0x11d HAL_Driver/Src/stm32l0xx_hal.o
 .debug_macro   0x00000000000142e3      0x353 HAL_Driver/Src/stm32l0xx_hal.o
 .debug_macro   0x0000000000014636       0x8d HAL_Driver/Src/stm32l0xx_hal.o
 .debug_macro   0x00000000000146c3       0x57 HAL_Driver/Src/stm32l0xx_hal.o
 .debug_macro   0x000000000001471a      0x25e HAL_Driver/Src/stm32l0xx_hal.o
 .debug_macro   0x0000000000014978      0x163 HAL_Driver/Src/stm32l0xx_hal.o
 .debug_macro   0x0000000000014adb      0x2d2 HAL_Driver/Src/stm32l0xx_hal_cortex.o
 .debug_macro   0x0000000000014dad      0x2d2 HAL_Driver/Src/stm32l0xx_hal_msp_template.o
 .debug_macro   0x000000000001507f      0x3dc src/main.o
 .debug_macro   0x000000000001545b       0x22 src/main.o
 .debug_macro   0x000000000001547d       0x22 src/main.o
 .debug_macro   0x000000000001549f       0x22 src/main.o
 .debug_macro   0x00000000000154c1       0x10 src/main.o
 .debug_macro   0x00000000000154d1       0x5e src/main.o
 .debug_macro   0x000000000001552f       0x18 src/main.o
 .debug_macro   0x0000000000015547       0x35 src/main.o
 .debug_macro   0x000000000001557c       0x34 src/main.o
 .debug_macro   0x00000000000155b0       0x58 src/main.o
 .debug_macro   0x0000000000015608       0x1f src/main.o
 .debug_macro   0x0000000000015627       0x43 src/main.o
 .debug_macro   0x000000000001566a       0x20 src/main.o
 .debug_macro   0x000000000001568a      0x18e src/main.o
 .debug_macro   0x0000000000015818      0x330 src/main.o
 .debug_macro   0x0000000000015b48       0x10 src/main.o
 .debug_macro   0x0000000000015b58       0x35 src/main.o
 .debug_macro   0x0000000000015b8d       0x64 src/main.o
 .debug_macro   0x0000000000015bf1      0x3a6 src/ringBuf.o
 .debug_macro   0x0000000000015f97      0x2dc src/stm32l0xx_it.o
 .debug_macro   0x0000000000016273      0x2d8 src/system_stm32l0xx.o
 .debug_macro   0x000000000001654b      0x3cb src/uart.o
 .debug_macro   0x0000000000016916      0x3cb src/xbee2.o

.debug_line     0x0000000000000000     0x61b3
 .debug_line    0x0000000000000000      0xb7f HAL_Driver/Src/stm32l0xx_hal.o
 .debug_line    0x0000000000000b7f      0xbac HAL_Driver/Src/stm32l0xx_hal_cortex.o
 .debug_line    0x000000000000172b      0x9ba HAL_Driver/Src/stm32l0xx_hal_msp_template.o
 .debug_line    0x00000000000020e5      0xb28 src/main.o
 .debug_line    0x0000000000002c0d      0xae7 src/ringBuf.o
 .debug_line    0x00000000000036f4      0x9b2 src/stm32l0xx_it.o
 .debug_line    0x00000000000040a6      0x9af src/system_stm32l0xx.o
 .debug_line    0x0000000000004a55      0xb1f src/uart.o
 .debug_line    0x0000000000005574      0xbbc src/xbee2.o
 .debug_line    0x0000000000006130       0x83 startup/startup_stm32l053xx.o

.debug_str      0x0000000000000000    0x9a0b5
 .debug_str     0x0000000000000000    0x95c96 HAL_Driver/Src/stm32l0xx_hal.o
                                      0x960d6 (size before relaxing)
 .debug_str     0x0000000000095c96      0x2f8 HAL_Driver/Src/stm32l0xx_hal_cortex.o
                                      0x95f19 (size before relaxing)
 .debug_str     0x0000000000095f8e       0x51 HAL_Driver/Src/stm32l0xx_hal_msp_template.o
                                      0x95a16 (size before relaxing)
 .debug_str     0x0000000000095fdf     0x3bea src/main.o
                                      0x996bb (size before relaxing)
 .debug_str     0x0000000000099bc9       0x7c src/ringBuf.o
                                      0x987ff (size before relaxing)
 .debug_str     0x0000000000099c45       0x38 src/stm32l0xx_it.o
                                      0x959e3 (size before relaxing)
 .debug_str     0x0000000000099c7d       0x72 src/system_stm32l0xx.o
                                      0x95ae4 (size before relaxing)
 .debug_str     0x0000000000099cef      0x1fc src/uart.o
                                      0x98ccf (size before relaxing)
 .debug_str     0x0000000000099eeb      0x19b src/xbee2.o
                                      0x98c82 (size before relaxing)
 .debug_str     0x000000000009a086       0x2f startup/startup_stm32l053xx.o
                                         0x61 (size before relaxing)

.comment        0x0000000000000000       0x7f
 .comment       0x0000000000000000       0x7f HAL_Driver/Src/stm32l0xx_hal.o
                                         0x80 (size before relaxing)
 .comment       0x000000000000007f       0x80 HAL_Driver/Src/stm32l0xx_hal_cortex.o
 .comment       0x000000000000007f       0x80 HAL_Driver/Src/stm32l0xx_hal_msp_template.o
 .comment       0x000000000000007f       0x80 src/main.o
 .comment       0x000000000000007f       0x80 src/ringBuf.o
 .comment       0x000000000000007f       0x80 src/stm32l0xx_it.o
 .comment       0x000000000000007f       0x80 src/system_stm32l0xx.o
 .comment       0x000000000000007f       0x80 src/uart.o
 .comment       0x000000000000007f       0x80 src/xbee2.o

.debug_frame    0x0000000000000000      0xcac
 .debug_frame   0x0000000000000000      0x338 HAL_Driver/Src/stm32l0xx_hal.o
 .debug_frame   0x0000000000000338      0x2fc HAL_Driver/Src/stm32l0xx_hal_cortex.o
 .debug_frame   0x0000000000000634       0x80 HAL_Driver/Src/stm32l0xx_hal_msp_template.o
 .debug_frame   0x00000000000006b4       0x6c src/main.o
 .debug_frame   0x0000000000000720       0xf0 src/ringBuf.o
 .debug_frame   0x0000000000000810       0x2c src/stm32l0xx_it.o
 .debug_frame   0x000000000000083c       0x4c src/system_stm32l0xx.o
 .debug_frame   0x0000000000000888       0xec src/uart.o
 .debug_frame   0x0000000000000974       0xd0 src/xbee2.o
 .debug_frame   0x0000000000000a44       0x20 /Applications/Ac6/SystemWorkbench.app/Contents/Eclipse/plugins/fr.ac6.mcu.externaltools.arm-none.macos64_1.17.0.201812190825/tools/compiler/bin/../lib/gcc/arm-none-eabi/7.3.1/thumb/v6-m/libgcc.a(_udivsi3.o)
 .debug_frame   0x0000000000000a64       0x2c /Applications/Ac6/SystemWorkbench.app/Contents/Eclipse/plugins/fr.ac6.mcu.externaltools.arm-none.macos64_1.17.0.201812190825/tools/compiler/bin/../lib/gcc/arm-none-eabi/7.3.1/../../../../arm-none-eabi/lib/thumb/v6-m/libc.a(lib_a-init.o)
 .debug_frame   0x0000000000000a90       0x30 /Applications/Ac6/SystemWorkbench.app/Contents/Eclipse/plugins/fr.ac6.mcu.externaltools.arm-none.macos64_1.17.0.201812190825/tools/compiler/bin/../lib/gcc/arm-none-eabi/7.3.1/../../../../arm-none-eabi/lib/thumb/v6-m/libc.a(lib_a-memcpy-stub.o)
 .debug_frame   0x0000000000000ac0       0x30 /Applications/Ac6/SystemWorkbench.app/Contents/Eclipse/plugins/fr.ac6.mcu.externaltools.arm-none.macos64_1.17.0.201812190825/tools/compiler/bin/../lib/gcc/arm-none-eabi/7.3.1/../../../../arm-none-eabi/lib/thumb/v6-m/libc.a(lib_a-memset.o)
 .debug_frame   0x0000000000000af0       0x28 /Applications/Ac6/SystemWorkbench.app/Contents/Eclipse/plugins/fr.ac6.mcu.externaltools.arm-none.macos64_1.17.0.201812190825/tools/compiler/bin/../lib/gcc/arm-none-eabi/7.3.1/../../../../arm-none-eabi/lib/thumb/v6-m/libc.a(lib_a-strlen-stub.o)
 .debug_frame   0x0000000000000b18       0x54 /Applications/Ac6/SystemWorkbench.app/Contents/Eclipse/plugins/fr.ac6.mcu.externaltools.arm-none.macos64_1.17.0.201812190825/tools/compiler/bin/../lib/gcc/arm-none-eabi/7.3.1/../../../../arm-none-eabi/lib/thumb/v6-m/libc.a(lib_a-__call_atexit.o)
 .debug_frame   0x0000000000000b6c       0x28 /Applications/Ac6/SystemWorkbench.app/Contents/Eclipse/plugins/fr.ac6.mcu.externaltools.arm-none.macos64_1.17.0.201812190825/tools/compiler/bin/../lib/gcc/arm-none-eabi/7.3.1/../../../../arm-none-eabi/lib/thumb/v6-m/libc.a(lib_a-atexit.o)
 .debug_frame   0x0000000000000b94       0x2c /Applications/Ac6/SystemWorkbench.app/Contents/Eclipse/plugins/fr.ac6.mcu.externaltools.arm-none.macos64_1.17.0.201812190825/tools/compiler/bin/../lib/gcc/arm-none-eabi/7.3.1/../../../../arm-none-eabi/lib/thumb/v6-m/libc.a(lib_a-fini.o)
 .debug_frame   0x0000000000000bc0       0xb0 /Applications/Ac6/SystemWorkbench.app/Contents/Eclipse/plugins/fr.ac6.mcu.externaltools.arm-none.macos64_1.17.0.201812190825/tools/compiler/bin/../lib/gcc/arm-none-eabi/7.3.1/../../../../arm-none-eabi/lib/thumb/v6-m/libc.a(lib_a-lock.o)
 .debug_frame   0x0000000000000c70       0x3c /Applications/Ac6/SystemWorkbench.app/Contents/Eclipse/plugins/fr.ac6.mcu.externaltools.arm-none.macos64_1.17.0.201812190825/tools/compiler/bin/../lib/gcc/arm-none-eabi/7.3.1/../../../../arm-none-eabi/lib/thumb/v6-m/libc.a(lib_a-__atexit.o)
